Microchip MPLAB XC8 Compiler V2.36

Linker command line:

-W-3 --edf=C:\Program Files\Microchip\xc8\v2.36\pic\dat\en_msgs.txt -cn \
  -h+dist/default/production\ContadorDecimal.X.production.sym \
  --cmf=dist/default/production\ContadorDecimal.X.production.cmf -z \
  -Q16F887 -oC:\Users\Dell Touch\AppData\Local\Temp\xcAs7s4.4 \
  --defsym=__MPLAB_BUILD=1 \
  -Mdist/default/production/ContadorDecimal.X.production.map \
  --md=C:\Users\Dell Touch\AppData\Local\Temp\xcAs7s4.dat -E1 \
  -ver=XC8 Compiler --acfsm=1493 -ACODE=00h-07FFhx4 -ASTRCODE=00h-01FFFh \
  -ASTRING=00h-0FFhx32 -ACONST=00h-0FFhx32 -AENTRY=00h-0FFhx32 \
  -ACOMMON=070h-07Fh -ABANK0=020h-06Fh -ABANK1=0A0h-0EFh \
  -ABANK2=0110h-016Fh -ABANK3=0190h-01EFh \
  -ARAM=020h-06Fh,0A0h-0EFh,0110h-016Fh,0190h-01EFh \
  -AABS1=020h-07Fh,0A0h-0EFh,0110h-016Fh,0190h-01EFh -ASFR0=00h-01Fh \
  -ASFR1=080h-09Fh -ASFR2=0100h-010Fh -ASFR3=0180h-018Fh \
  -ACONFIG=02007h-02008h -DCONFIG=2 -AIDLOC=02000h-02003h -DIDLOC=2 \
  -AEEDATA=00h-0FFh/02100h -peeprom_data=EEDATA -DEEDATA=2 -DCODE=2 \
  -DSTRCODE=2 -DSTRING=2 -DCONST=2 -DENTRY=2 \
  -preset_vec=00h,intentry,init,end_init -ppowerup=CODE -pcinit=CODE \
  -pfunctab=ENTRY -k C:\Users\Dell Touch\AppData\Local\Temp\xcAs7s4.o \
  dist/default/production\ContadorDecimal.X.production.o 

Object code version is 3.11

Machine type is 16F887



                Name                               Link     Load   Length Selector   Space Scale
C:\Users\Dell Touch\AppData\Local\Temp\xcAs7s4.o
                end_init                              0        0        3        0       0
                config                             2007     2007        2        0       4
                idloc                              2000     2000        4        0       5
dist/default/production\ContadorDecimal.X.production.o
                cinit                               7E1      7E1       1F      FC2       0
                config                             2007     2007        2        0       4
                idloc                              2000     2000        4        0       5
                text4                               6C1      6C1       69      D82       0
                text3                               666      666       5B      CCC       0
                text2                               608      608       25      C10       0
                text1                               62D      62D       39      C5A       0
                maintext                            72A      72A       B7      E54       0
                cstackBANK0                          20       20       38       20       1
                cstackCOMMON                         70       70        D       70       1
                inittext                            5E1      5E1       13      BC2       0
                dataBANK1                            A0       A0       14       A0       1
                dataBANK0                            58       58        8       20       1
                idataBANK1                          5F4      5F4       14      BE8       0
                idataBANK0                          5D9      5D9        8      BB2       0

TOTAL           Name                               Link     Load   Length     Space
        CLASS   CODE           
                end_init                              0        0        3         0
                cinit                               7E1      7E1       1F         0
                text4                               6C1      6C1       69         0
                text3                               666      666       5B         0
                text2                               608      608       25         0
                text1                               62D      62D       39         0
                maintext                            72A      72A       B7         0
                inittext                            5E1      5E1       13         0
                idataBANK1                          5F4      5F4       14         0
                idataBANK0                          5D9      5D9        8         0

        CLASS   STRCODE        

        CLASS   STRING         

        CLASS   CONST          

        CLASS   ENTRY          

        CLASS   COMMON         
                cstackCOMMON                         70       70        D         1

        CLASS   BANK0          
                cstackBANK0                          20       20       38         1
                dataBANK0                            58       58        8         1

        CLASS   BANK1          
                dataBANK1                            A0       A0       14         1

        CLASS   BANK2          

        CLASS   BANK3          

        CLASS   RAM            

        CLASS   ABS1           
                abs_s1                               7E       7E        2         1

        CLASS   SFR0           

        CLASS   SFR1           

        CLASS   SFR2           

        CLASS   SFR3           

        CLASS   CONFIG         
                config                             2007     2007        2         4

        CLASS   IDLOC          
                idloc                              2000     2000        4         5

        CLASS   EEDATA         

        CLASS   STACK          



SEGMENTS        Name                           Load    Length   Top    Selector   Space  Class     Delta

                reset_vec                      000000  000003  000003         0       0  CODE        2
                cstackBANK0                    000020  000040  000060        20       1  BANK0       1
                cstackCOMMON                   000070  00000D  00007D        70       1  COMMON      1
                dataBANK1                      0000A0  000014  0000B4        A0       1  BANK1       1
                idataBANK0                     0005D9  000008  0005E1       BB2       0  CODE        2
                inittext                       0005E1  000013  0005F4       BC2       0  CODE        2
                idataBANK1                     0005F4  000014  000608       BE8       0  CODE        2
                text2                          000608  000025  00062D       C10       0  CODE        2
                text1                          00062D  000039  000666       C5A       0  CODE        2
                text3                          000666  00005B  0006C1       CCC       0  CODE        2
                text4                          0006C1  000069  00072A       D82       0  CODE        2
                maintext                       00072A  0000B7  0007E1       E54       0  CODE        2
                cinit                          0007E1  00001F  000800       FC2       0  CODE        2


UNUSED ADDRESS RANGES

        Name                Unused          Largest block    Delta
        BANK0            0060-006F             10           1
        BANK1            00B4-00EF             3C           1
        BANK2            0110-016F             60           1
        BANK3            0190-01EF             60           1
        CODE             0003-05D8            5D6           2
                         0800-1FFF            800
        COMMON           007D-007D              1           1
        CONST            0003-05D8            100           2
                         0800-1FFF            100
        EEDATA           2100-21FF            100           2
        ENTRY            0003-05D8            100           2
                         0800-1FFF            100
        RAM              0060-006F             10           1
                         00B4-00EF             3C
                         0110-016F             60
                         0190-01EF             60
        SFR0             0000-001F             20           1
        SFR1             0080-009F             20           1
        SFR2             0100-010F             10           1
        SFR3             0180-018F             10           1
        STRCODE          0003-05D8            5D6           2
                         0800-1FFF           1800
        STRING           0003-05D8            100           2
                         0800-1FFF            100

                                  Symbol Table

?___awdiv                cstackBANK0  0024
?___awmod                cstackBANK0  002C
?___wmul                 cstackCOMMON 0070
?_pow                    cstackCOMMON 0076
_PORTA                   (abs)        0005
_PORTB                   (abs)        0006
_TRISA                   (abs)        0085
_TRISB                   (abs)        0086
__Habs1                  abs1         0000
__Hbank0                 bank0        0000
__Hbank1                 bank1        0000
__Hbank2                 bank2        0000
__Hbank3                 bank3        0000
__Hcinit                 cinit        0800
__Hclrtext               clrtext      0000
__Hcode                  code         0000
__Hcommon                common       0000
__Hconfig                config       2009
__HcstackBANK0           cstackBANK0  0000
__HcstackCOMMON          cstackCOMMON 0000
__HdataBANK0             dataBANK0    0000
__HdataBANK1             dataBANK1    0000
__Heeprom_data           eeprom_data  0000
__Hend_init              end_init     0003
__Hfunctab               functab      0000
__HidataBANK0            idataBANK0   0000
__HidataBANK1            idataBANK1   0000
__Hidloc                 idloc        2004
__Hinit                  init         0000
__Hinittext              inittext     0000
__Hintentry              intentry     0000
__Hmaintext              maintext     0000
__Hpowerup               powerup      0000
__Hram                   ram          0000
__Hreset_vec             reset_vec    0000
__Hsfr0                  sfr0         0000
__Hsfr1                  sfr1         0000
__Hsfr2                  sfr2         0000
__Hsfr3                  sfr3         0000
__Hspace_0               (abs)        0800
__Hspace_1               (abs)        00B4
__Hspace_2               (abs)        0000
__Hspace_3               (abs)        0000
__Hspace_4               (abs)        4010
__Hstack                 stack        0000
__Hstrings               strings      0000
__Htext                  text         0000
__Labs1                  abs1         0000
__Lbank0                 bank0        0000
__Lbank1                 bank1        0000
__Lbank2                 bank2        0000
__Lbank3                 bank3        0000
__Lcinit                 cinit        07E1
__Lclrtext               clrtext      0000
__Lcode                  code         0000
__Lcommon                common       0000
__Lconfig                config       0000
__LcstackBANK0           cstackBANK0  0000
__LcstackCOMMON          cstackCOMMON 0000
__LdataBANK0             dataBANK0    0000
__LdataBANK1             dataBANK1    0000
__Leeprom_data           eeprom_data  0000
__Lend_init              end_init     0000
__Lfunctab               functab      0000
__LidataBANK0            idataBANK0   0000
__LidataBANK1            idataBANK1   0000
__Lidloc                 idloc        0000
__Linit                  init         0000
__Linittext              inittext     0000
__Lintentry              intentry     0000
__Lmaintext              maintext     0000
__Lpowerup               powerup      0000
__Lram                   ram          0000
__Lreset_vec             reset_vec    0000
__Lsfr0                  sfr0         0000
__Lsfr1                  sfr1         0000
__Lsfr2                  sfr2         0000
__Lsfr3                  sfr3         0000
__Lspace_0               (abs)        0000
__Lspace_1               (abs)        0000
__Lspace_2               (abs)        0000
__Lspace_3               (abs)        0000
__Lspace_4               (abs)        0000
__Lstack                 stack        0000
__Lstrings               strings      0000
__Ltext                  text         0000
__S0                     (abs)        0800
__S1                     (abs)        00B4
__S3                     (abs)        0000
___awdiv                 text4        06C1
___awdiv@counter         cstackBANK0  0028
___awdiv@dividend        cstackBANK0  0026
___awdiv@divisor         cstackBANK0  0024
___awdiv@quotient        cstackBANK0  002A
___awdiv@sign            cstackBANK0  0029
___awmod                 text3        0666
___awmod@counter         cstackBANK0  0030
___awmod@dividend        cstackBANK0  002E
___awmod@divisor         cstackBANK0  002C
___awmod@sign            cstackBANK0  0031
___int_sp                stack        0000
___latbits               (abs)        0002
___sp                    stack        0000
___stackhi               (abs)        0000
___stacklo               (abs)        0000
___wmul                  text2        0608
___wmul@multiplicand     cstackCOMMON 0072
___wmul@multiplier       cstackCOMMON 0070
___wmul@product          cstackCOMMON 0074
__end_of___awdiv         text4        072A
__end_of___awmod         text3        06C1
__end_of___wmul          text2        062D
__end_of__initialization cinit        07FC
__end_of_main            maintext     07E1
__end_of_pow             text1        0666
__initialization         cinit        07E1
__pcstackBANK0           cstackBANK0  0020
__pcstackCOMMON          cstackCOMMON 0070
__pdataBANK0             dataBANK0    0058
__pdataBANK1             dataBANK1    00A0
__pidataBANK0            idataBANK0   05D9
__pidataBANK1            idataBANK1   05F4
__pmaintext              maintext     072A
__ptext1                 text1        062D
__ptext2                 text2        0608
__ptext3                 text3        0666
__ptext4                 text4        06C1
_main                    maintext     072A
_pow                     text1        062D
btemp                    (abs)        007E
end_of_initialization    cinit        07FC
init_fetch0              inittext     05E1
init_ram0                inittext     05E5
intlevel0                functab      0000
intlevel1                functab      0000
intlevel2                functab      0000
intlevel3                functab      0000
intlevel4                functab      0000
intlevel5                functab      0000
main@F1299               dataBANK1    00A0
main@F1301               dataBANK0    0058
main@counter             cstackBANK0  0052
main@digits              cstackBANK0  004A
main@i                   cstackBANK0  0054
main@j                   cstackBANK0  0056
main@nums                cstackBANK0  0036
pow@ans                  cstackBANK0  0022
pow@b                    cstackCOMMON 0076
pow@i                    cstackBANK0  0020
pow@pow                  cstackCOMMON 0078
reset_vec                reset_vec    0000
start                    init         0000
start_initialization     cinit        07E1
wtemp0                   (abs)        007E


MODULE INFORMATION

Module		Function		Class		Link	Load	Size
C:\Program Files\Microchip\xc8\v2.36\pic\sources\c90\common\awmod.c
		___awmod       		CODE           	0666	0000	91

C:\Program Files\Microchip\xc8\v2.36\pic\sources\c90\common\awmod.c estimated size: 91

C:\Program Files\Microchip\xc8\v2.36\pic\sources\c90\common\Umul16.c
		___wmul        		CODE           	0608	0000	37

C:\Program Files\Microchip\xc8\v2.36\pic\sources\c90\common\Umul16.c estimated size: 37

C:\Program Files\Microchip\xc8\v2.36\pic\sources\c90\common\awdiv.c
		___awdiv       		CODE           	06C1	0000	105

C:\Program Files\Microchip\xc8\v2.36\pic\sources\c90\common\awdiv.c estimated size: 105

shared
		__initialization		CODE           	07E1	0000	27

shared estimated size: 27

main.c
		_main          		CODE           	072A	0000	183
		_pow           		CODE           	062D	0000	57

main.c estimated size: 240

